[2025-09-19T00:18:21.869+0530][gc,heap] Heap region size: 1M
[2025-09-19T00:18:21.879+0530][gc     ] Using G1
[2025-09-19T00:18:21.879+0530][gc,heap,coops] Heap address: 0x00000000c0000000, size: 1024 MB, Compressed Oops mode: 32-bit
[2025-09-19T00:18:21.879+0530][gc,cds       ] Mark closed archive regions in map: [0x00000000fff00000, 0x00000000fff6bff8]
[2025-09-19T00:18:21.880+0530][gc,cds       ] Mark open archive regions in map: [0x00000000ffe00000, 0x00000000ffe47ff8]
[2025-09-19T00:18:23.613+0530][gc,start     ] GC(0) Pause Young (Normal) (G1 Evacuation Pause)
[2025-09-19T00:18:23.615+0530][gc,task      ] GC(0) Using 8 workers of 8 for evacuation
[2025-09-19T00:18:23.636+0530][gc,phases    ] GC(0)   Pre Evacuate Collection Set: 0.0ms
[2025-09-19T00:18:23.636+0530][gc,phases    ] GC(0)   Evacuate Collection Set: 9.2ms
[2025-09-19T00:18:23.636+0530][gc,phases    ] GC(0)   Post Evacuate Collection Set: 1.1ms
[2025-09-19T00:18:23.637+0530][gc,phases    ] GC(0)   Other: 12.4ms
[2025-09-19T00:18:23.637+0530][gc,heap      ] GC(0) Eden regions: 51->0(44)
[2025-09-19T00:18:23.637+0530][gc,heap      ] GC(0) Survivor regions: 0->7(7)
[2025-09-19T00:18:23.637+0530][gc,heap      ] GC(0) Old regions: 2->3
[2025-09-19T00:18:23.637+0530][gc,heap      ] GC(0) Humongous regions: 0->0
[2025-09-19T00:18:23.637+0530][gc,metaspace ] GC(0) Metaspace: 12989K(13696K)->12989K(13696K) NonClass: 11352K(11776K)->11352K(11776K) Class: 1637K(1920K)->1637K(1920K)
[2025-09-19T00:18:23.638+0530][gc           ] GC(0) Pause Young (Normal) (G1 Evacuation Pause) 51M->8M(1024M) 24.513ms
[2025-09-19T00:18:23.638+0530][gc,cpu       ] GC(0) User=0.06s Sys=0.01s Real=0.03s
[2025-09-19T00:18:24.295+0530][gc,start     ] GC(1) Pause Young (Concurrent Start) (Metadata GC Threshold)
[2025-09-19T00:18:24.295+0530][gc,task      ] GC(1) Using 8 workers of 8 for evacuation
[2025-09-19T00:18:24.307+0530][gc,phases    ] GC(1)   Pre Evacuate Collection Set: 0.1ms
[2025-09-19T00:18:24.307+0530][gc,phases    ] GC(1)   Evacuate Collection Set: 10.1ms
[2025-09-19T00:18:24.307+0530][gc,phases    ] GC(1)   Post Evacuate Collection Set: 0.8ms
[2025-09-19T00:18:24.308+0530][gc,phases    ] GC(1)   Other: 0.6ms
[2025-09-19T00:18:24.308+0530][gc,heap      ] GC(1) Eden regions: 37->0(49)
[2025-09-19T00:18:24.308+0530][gc,heap      ] GC(1) Survivor regions: 7->2(7)
[2025-09-19T00:18:24.308+0530][gc,heap      ] GC(1) Old regions: 3->10
[2025-09-19T00:18:24.308+0530][gc,heap      ] GC(1) Humongous regions: 0->0
[2025-09-19T00:18:24.309+0530][gc,metaspace ] GC(1) Metaspace: 20563K(21248K)->20563K(21248K) NonClass: 18043K(18432K)->18043K(18432K) Class: 2520K(2816K)->2520K(2816K)
[2025-09-19T00:18:24.309+0530][gc           ] GC(1) Pause Young (Concurrent Start) (Metadata GC Threshold) 44M->9M(1024M) 13.829ms
[2025-09-19T00:18:24.309+0530][gc,cpu       ] GC(1) User=0.05s Sys=0.00s Real=0.02s
[2025-09-19T00:18:24.309+0530][gc           ] GC(2) Concurrent Cycle
[2025-09-19T00:18:24.309+0530][gc,marking   ] GC(2) Concurrent Clear Claimed Marks
[2025-09-19T00:18:24.310+0530][gc,marking   ] GC(2) Concurrent Clear Claimed Marks 0.218ms
[2025-09-19T00:18:24.310+0530][gc,marking   ] GC(2) Concurrent Scan Root Regions
[2025-09-19T00:18:24.311+0530][gc,marking   ] GC(2) Concurrent Scan Root Regions 1.032ms
[2025-09-19T00:18:24.311+0530][gc,marking   ] GC(2) Concurrent Mark (2.451s)
[2025-09-19T00:18:24.311+0530][gc,marking   ] GC(2) Concurrent Mark From Roots
[2025-09-19T00:18:24.311+0530][gc,task      ] GC(2) Using 2 workers of 2 for marking
[2025-09-19T00:18:24.315+0530][gc,marking   ] GC(2) Concurrent Mark From Roots 3.874ms
[2025-09-19T00:18:24.315+0530][gc,marking   ] GC(2) Concurrent Preclean
[2025-09-19T00:18:24.315+0530][gc,marking   ] GC(2) Concurrent Preclean 0.252ms
[2025-09-19T00:18:24.316+0530][gc,marking   ] GC(2) Concurrent Mark (2.451s, 2.456s) 4.647ms
[2025-09-19T00:18:24.316+0530][gc,start     ] GC(2) Pause Remark
[2025-09-19T00:18:24.318+0530][gc,stringtable] GC(2) Cleaned string and symbol table, strings: 5805 processed, 0 removed, symbols: 54299 processed, 45 removed
[2025-09-19T00:18:24.318+0530][gc            ] GC(2) Pause Remark 10M->10M(1024M) 2.597ms
[2025-09-19T00:18:24.319+0530][gc,cpu        ] GC(2) User=0.00s Sys=0.00s Real=0.01s
[2025-09-19T00:18:24.319+0530][gc,marking    ] GC(2) Concurrent Rebuild Remembered Sets
[2025-09-19T00:18:24.323+0530][gc,marking    ] GC(2) Concurrent Rebuild Remembered Sets 3.552ms
[2025-09-19T00:18:24.323+0530][gc,start      ] GC(2) Pause Cleanup
[2025-09-19T00:18:24.323+0530][gc            ] GC(2) Pause Cleanup 10M->10M(1024M) 0.419ms
[2025-09-19T00:18:24.324+0530][gc,cpu        ] GC(2) User=0.00s Sys=0.00s Real=0.00s
[2025-09-19T00:18:24.324+0530][gc,marking    ] GC(2) Concurrent Cleanup for Next Mark
[2025-09-19T00:18:24.331+0530][gc,marking    ] GC(2) Concurrent Cleanup for Next Mark 7.643ms
[2025-09-19T00:18:24.332+0530][gc            ] GC(2) Concurrent Cycle 22.493ms
[2025-09-19T00:18:24.499+0530][gc,heap,exit  ] Heap
[2025-09-19T00:18:24.499+0530][gc,heap,exit  ]  garbage-first heap   total 1048576K, used 14752K [0x00000000c0000000, 0x0000000100000000)
[2025-09-19T00:18:24.499+0530][gc,heap,exit  ]   region size 1024K, 8 young (8192K), 2 survivors (2048K)
[2025-09-19T00:18:24.499+0530][gc,heap,exit  ]  Metaspace       used 21112K, capacity 21768K, committed 21888K, reserved 1069056K
[2025-09-19T00:18:24.499+0530][gc,heap,exit  ]   class space    used 2615K, capacity 2903K, committed 2944K, reserved 1048576K
