[2025-09-19T00:19:06.122+0530][gc,heap] Heap region size: 1M
[2025-09-19T00:19:06.131+0530][gc     ] Using G1
[2025-09-19T00:19:06.131+0530][gc,heap,coops] Heap address: 0x00000000c0000000, size: 1024 MB, Compressed Oops mode: 32-bit
[2025-09-19T00:19:06.132+0530][gc,cds       ] Mark closed archive regions in map: [0x00000000fff00000, 0x00000000fff6bff8]
[2025-09-19T00:19:06.132+0530][gc,cds       ] Mark open archive regions in map: [0x00000000ffe00000, 0x00000000ffe47ff8]
[2025-09-19T00:19:08.041+0530][gc,start     ] GC(0) Pause Young (Normal) (G1 Evacuation Pause)
[2025-09-19T00:19:08.043+0530][gc,task      ] GC(0) Using 8 workers of 8 for evacuation
[2025-09-19T00:19:08.051+0530][gc,phases    ] GC(0)   Pre Evacuate Collection Set: 0.0ms
[2025-09-19T00:19:08.051+0530][gc,phases    ] GC(0)   Evacuate Collection Set: 7.0ms
[2025-09-19T00:19:08.051+0530][gc,phases    ] GC(0)   Post Evacuate Collection Set: 0.7ms
[2025-09-19T00:19:08.052+0530][gc,phases    ] GC(0)   Other: 1.6ms
[2025-09-19T00:19:08.052+0530][gc,heap      ] GC(0) Eden regions: 51->0(44)
[2025-09-19T00:19:08.052+0530][gc,heap      ] GC(0) Survivor regions: 0->7(7)
[2025-09-19T00:19:08.052+0530][gc,heap      ] GC(0) Old regions: 2->3
[2025-09-19T00:19:08.052+0530][gc,heap      ] GC(0) Humongous regions: 0->0
[2025-09-19T00:19:08.053+0530][gc,metaspace ] GC(0) Metaspace: 13016K(13696K)->13016K(13696K) NonClass: 11374K(11776K)->11374K(11776K) Class: 1642K(1920K)->1642K(1920K)
[2025-09-19T00:19:08.053+0530][gc           ] GC(0) Pause Young (Normal) (G1 Evacuation Pause) 51M->8M(1024M) 11.292ms
[2025-09-19T00:19:08.053+0530][gc,cpu       ] GC(0) User=0.03s Sys=0.02s Real=0.01s
[2025-09-19T00:19:27.145+0530][gc,heap,exit ] Heap
[2025-09-19T00:19:27.145+0530][gc,heap,exit ]  garbage-first heap   total 1048576K, used 20587K [0x00000000c0000000, 0x0000000100000000)
[2025-09-19T00:19:27.146+0530][gc,heap,exit ]   region size 1024K, 20 young (20480K), 7 survivors (7168K)
[2025-09-19T00:19:27.146+0530][gc,heap,exit ]  Metaspace       used 15084K, capacity 15604K, committed 15744K, reserved 1062912K
[2025-09-19T00:19:27.146+0530][gc,heap,exit ]   class space    used 1897K, capacity 2112K, committed 2176K, reserved 1048576K
