[2025-09-19T00:24:12.100+0530][gc,heap] Heap region size: 1M
[2025-09-19T00:24:12.109+0530][gc     ] Using G1
[2025-09-19T00:24:12.109+0530][gc,heap,coops] Heap address: 0x00000000c0000000, size: 1024 MB, Compressed Oops mode: 32-bit
[2025-09-19T00:24:12.109+0530][gc,cds       ] Mark closed archive regions in map: [0x00000000fff00000, 0x00000000fff6bff8]
[2025-09-19T00:24:12.110+0530][gc,cds       ] Mark open archive regions in map: [0x00000000ffe00000, 0x00000000ffe47ff8]
[2025-09-19T00:24:13.849+0530][gc,start     ] GC(0) Pause Young (Normal) (G1 Evacuation Pause)
[2025-09-19T00:24:13.850+0530][gc,task      ] GC(0) Using 8 workers of 8 for evacuation
[2025-09-19T00:24:13.860+0530][gc,phases    ] GC(0)   Pre Evacuate Collection Set: 0.0ms
[2025-09-19T00:24:13.860+0530][gc,phases    ] GC(0)   Evacuate Collection Set: 8.1ms
[2025-09-19T00:24:13.860+0530][gc,phases    ] GC(0)   Post Evacuate Collection Set: 0.8ms
[2025-09-19T00:24:13.860+0530][gc,phases    ] GC(0)   Other: 1.8ms
[2025-09-19T00:24:13.860+0530][gc,heap      ] GC(0) Eden regions: 51->0(44)
[2025-09-19T00:24:13.861+0530][gc,heap      ] GC(0) Survivor regions: 0->7(7)
[2025-09-19T00:24:13.861+0530][gc,heap      ] GC(0) Old regions: 2->3
[2025-09-19T00:24:13.861+0530][gc,heap      ] GC(0) Humongous regions: 0->0
[2025-09-19T00:24:13.861+0530][gc,metaspace ] GC(0) Metaspace: 13025K(13696K)->13025K(13696K) NonClass: 11382K(11776K)->11382K(11776K) Class: 1643K(1920K)->1643K(1920K)
[2025-09-19T00:24:13.861+0530][gc           ] GC(0) Pause Young (Normal) (G1 Evacuation Pause) 51M->8M(1024M) 12.592ms
[2025-09-19T00:24:13.862+0530][gc,cpu       ] GC(0) User=0.05s Sys=0.02s Real=0.02s
[2025-09-19T00:24:14.529+0530][gc,start     ] GC(1) Pause Young (Concurrent Start) (Metadata GC Threshold)
[2025-09-19T00:24:14.529+0530][gc,task      ] GC(1) Using 8 workers of 8 for evacuation
[2025-09-19T00:24:14.541+0530][gc,phases    ] GC(1)   Pre Evacuate Collection Set: 0.1ms
[2025-09-19T00:24:14.542+0530][gc,phases    ] GC(1)   Evacuate Collection Set: 11.2ms
[2025-09-19T00:24:14.542+0530][gc,phases    ] GC(1)   Post Evacuate Collection Set: 0.7ms
[2025-09-19T00:24:14.542+0530][gc,phases    ] GC(1)   Other: 0.6ms
[2025-09-19T00:24:14.543+0530][gc,heap      ] GC(1) Eden regions: 37->0(49)
[2025-09-19T00:24:14.543+0530][gc,heap      ] GC(1) Survivor regions: 7->2(7)
[2025-09-19T00:24:14.543+0530][gc,heap      ] GC(1) Old regions: 3->10
[2025-09-19T00:24:14.543+0530][gc,heap      ] GC(1) Humongous regions: 0->0
[2025-09-19T00:24:14.544+0530][gc,metaspace ] GC(1) Metaspace: 20555K(21248K)->20555K(21248K) NonClass: 18035K(18432K)->18035K(18432K) Class: 2520K(2816K)->2520K(2816K)
[2025-09-19T00:24:14.544+0530][gc           ] GC(1) Pause Young (Concurrent Start) (Metadata GC Threshold) 44M->9M(1024M) 14.909ms
[2025-09-19T00:24:14.544+0530][gc,cpu       ] GC(1) User=0.05s Sys=0.02s Real=0.02s
[2025-09-19T00:24:14.544+0530][gc           ] GC(2) Concurrent Cycle
[2025-09-19T00:24:14.544+0530][gc,marking   ] GC(2) Concurrent Clear Claimed Marks
[2025-09-19T00:24:14.544+0530][gc,marking   ] GC(2) Concurrent Clear Claimed Marks 0.137ms
[2025-09-19T00:24:14.545+0530][gc,marking   ] GC(2) Concurrent Scan Root Regions
[2025-09-19T00:24:14.546+0530][gc,marking   ] GC(2) Concurrent Scan Root Regions 1.485ms
[2025-09-19T00:24:14.546+0530][gc,marking   ] GC(2) Concurrent Mark (2.461s)
[2025-09-19T00:24:14.546+0530][gc,marking   ] GC(2) Concurrent Mark From Roots
[2025-09-19T00:24:14.547+0530][gc,task      ] GC(2) Using 2 workers of 2 for marking
[2025-09-19T00:24:14.552+0530][gc,marking   ] GC(2) Concurrent Mark From Roots 5.445ms
[2025-09-19T00:24:14.552+0530][gc,marking   ] GC(2) Concurrent Preclean
[2025-09-19T00:24:14.552+0530][gc,marking   ] GC(2) Concurrent Preclean 0.237ms
[2025-09-19T00:24:14.552+0530][gc,marking   ] GC(2) Concurrent Mark (2.461s, 2.468s) 6.167ms
[2025-09-19T00:24:14.553+0530][gc,start     ] GC(2) Pause Remark
[2025-09-19T00:24:14.555+0530][gc,stringtable] GC(2) Cleaned string and symbol table, strings: 5812 processed, 0 removed, symbols: 54337 processed, 46 removed
[2025-09-19T00:24:14.555+0530][gc            ] GC(2) Pause Remark 10M->10M(1024M) 2.624ms
[2025-09-19T00:24:14.556+0530][gc,cpu        ] GC(2) User=0.01s Sys=0.00s Real=0.00s
[2025-09-19T00:24:14.556+0530][gc,marking    ] GC(2) Concurrent Rebuild Remembered Sets
[2025-09-19T00:24:14.558+0530][gc,marking    ] GC(2) Concurrent Rebuild Remembered Sets 2.193ms
[2025-09-19T00:24:14.558+0530][gc,start      ] GC(2) Pause Cleanup
[2025-09-19T00:24:14.559+0530][gc            ] GC(2) Pause Cleanup 10M->10M(1024M) 0.381ms
[2025-09-19T00:24:14.559+0530][gc,cpu        ] GC(2) User=0.00s Sys=0.00s Real=0.00s
[2025-09-19T00:24:14.559+0530][gc,marking    ] GC(2) Concurrent Cleanup for Next Mark
[2025-09-19T00:24:14.568+0530][gc,marking    ] GC(2) Concurrent Cleanup for Next Mark 8.597ms
[2025-09-19T00:24:14.568+0530][gc            ] GC(2) Concurrent Cycle 23.854ms
[2025-09-19T00:24:15.591+0530][gc,start      ] GC(3) Pause Young (Normal) (G1 Evacuation Pause)
[2025-09-19T00:24:15.592+0530][gc,task       ] GC(3) Using 8 workers of 8 for evacuation
[2025-09-19T00:24:15.596+0530][gc,phases     ] GC(3)   Pre Evacuate Collection Set: 0.3ms
[2025-09-19T00:24:15.596+0530][gc,phases     ] GC(3)   Evacuate Collection Set: 3.0ms
[2025-09-19T00:24:15.597+0530][gc,phases     ] GC(3)   Post Evacuate Collection Set: 0.7ms
[2025-09-19T00:24:15.597+0530][gc,phases     ] GC(3)   Other: 0.8ms
[2025-09-19T00:24:15.597+0530][gc,heap       ] GC(3) Eden regions: 49->0(47)
[2025-09-19T00:24:15.597+0530][gc,heap       ] GC(3) Survivor regions: 2->4(7)
[2025-09-19T00:24:15.598+0530][gc,heap       ] GC(3) Old regions: 10->10
[2025-09-19T00:24:15.598+0530][gc,heap       ] GC(3) Humongous regions: 129->129
[2025-09-19T00:24:15.598+0530][gc,metaspace  ] GC(3) Metaspace: 27883K(29056K)->27883K(29056K) NonClass: 24602K(25344K)->24602K(25344K) Class: 3280K(3712K)->3280K(3712K)
[2025-09-19T00:24:15.598+0530][gc            ] GC(3) Pause Young (Normal) (G1 Evacuation Pause) 187M->140M(1024M) 6.889ms
[2025-09-19T00:24:15.599+0530][gc,cpu        ] GC(3) User=0.02s Sys=0.00s Real=0.01s
[2025-09-19T00:24:16.361+0530][gc,start      ] GC(4) Pause Young (Concurrent Start) (Metadata GC Threshold)
[2025-09-19T00:24:16.361+0530][gc,task       ] GC(4) Using 8 workers of 8 for evacuation
[2025-09-19T00:24:16.374+0530][gc,phases     ] GC(4)   Pre Evacuate Collection Set: 0.2ms
[2025-09-19T00:24:16.374+0530][gc,phases     ] GC(4)   Evacuate Collection Set: 11.6ms
[2025-09-19T00:24:16.375+0530][gc,phases     ] GC(4)   Post Evacuate Collection Set: 0.7ms
[2025-09-19T00:24:16.375+0530][gc,phases     ] GC(4)   Other: 1.1ms
[2025-09-19T00:24:16.375+0530][gc,heap       ] GC(4) Eden regions: 45->0(44)
[2025-09-19T00:24:16.375+0530][gc,heap       ] GC(4) Survivor regions: 4->7(7)
[2025-09-19T00:24:16.376+0530][gc,heap       ] GC(4) Old regions: 10->10
[2025-09-19T00:24:16.376+0530][gc,heap       ] GC(4) Humongous regions: 129->129
[2025-09-19T00:24:16.376+0530][gc,metaspace  ] GC(4) Metaspace: 34434K(35840K)->34434K(35840K) NonClass: 30488K(31232K)->30488K(31232K) Class: 3946K(4608K)->3946K(4608K)
[2025-09-19T00:24:16.376+0530][gc            ] GC(4) Pause Young (Concurrent Start) (Metadata GC Threshold) 184M->144M(1024M) 15.700ms
[2025-09-19T00:24:16.376+0530][gc,cpu        ] GC(4) User=0.10s Sys=0.00s Real=0.01s
[2025-09-19T00:24:16.377+0530][gc            ] GC(5) Concurrent Cycle
[2025-09-19T00:24:16.377+0530][gc,marking    ] GC(5) Concurrent Clear Claimed Marks
[2025-09-19T00:24:16.377+0530][gc,marking    ] GC(5) Concurrent Clear Claimed Marks 0.363ms
[2025-09-19T00:24:16.378+0530][gc,marking    ] GC(5) Concurrent Scan Root Regions
[2025-09-19T00:24:16.381+0530][gc,marking    ] GC(5) Concurrent Scan Root Regions 3.527ms
[2025-09-19T00:24:16.382+0530][gc,marking    ] GC(5) Concurrent Mark (4.297s)
[2025-09-19T00:24:16.382+0530][gc,marking    ] GC(5) Concurrent Mark From Roots
[2025-09-19T00:24:16.382+0530][gc,task       ] GC(5) Using 2 workers of 2 for marking
[2025-09-19T00:24:16.390+0530][gc,marking    ] GC(5) Concurrent Mark From Roots 7.713ms
[2025-09-19T00:24:16.390+0530][gc,marking    ] GC(5) Concurrent Preclean
[2025-09-19T00:24:16.391+0530][gc,marking    ] GC(5) Concurrent Preclean 0.937ms
[2025-09-19T00:24:16.392+0530][gc,marking    ] GC(5) Concurrent Mark (4.297s, 4.307s) 9.758ms
[2025-09-19T00:24:16.392+0530][gc,start      ] GC(5) Pause Remark
[2025-09-19T00:24:16.399+0530][gc,stringtable] GC(5) Cleaned string and symbol table, strings: 10083 processed, 10 removed, symbols: 83203 processed, 17 removed
[2025-09-19T00:24:16.400+0530][gc            ] GC(5) Pause Remark 145M->145M(1024M) 7.537ms
[2025-09-19T00:24:16.400+0530][gc,cpu        ] GC(5) User=0.05s Sys=0.00s Real=0.01s
[2025-09-19T00:24:16.400+0530][gc,marking    ] GC(5) Concurrent Rebuild Remembered Sets
[2025-09-19T00:24:16.404+0530][gc,marking    ] GC(5) Concurrent Rebuild Remembered Sets 3.707ms
[2025-09-19T00:24:16.405+0530][gc,start      ] GC(5) Pause Cleanup
[2025-09-19T00:24:16.405+0530][gc            ] GC(5) Pause Cleanup 145M->145M(1024M) 0.603ms
[2025-09-19T00:24:16.406+0530][gc,cpu        ] GC(5) User=0.00s Sys=0.01s Real=0.00s
[2025-09-19T00:24:16.406+0530][gc,marking    ] GC(5) Concurrent Cleanup for Next Mark
[2025-09-19T00:24:16.420+0530][gc,marking    ] GC(5) Concurrent Cleanup for Next Mark 14.268ms
[2025-09-19T00:24:16.421+0530][gc            ] GC(5) Concurrent Cycle 43.922ms
[2025-09-19T00:24:18.929+0530][gc,start      ] GC(6) Pause Young (Normal) (G1 Evacuation Pause)
[2025-09-19T00:24:18.929+0530][gc,task       ] GC(6) Using 8 workers of 8 for evacuation
[2025-09-19T00:24:18.936+0530][gc,phases     ] GC(6)   Pre Evacuate Collection Set: 0.0ms
[2025-09-19T00:24:18.936+0530][gc,phases     ] GC(6)   Evacuate Collection Set: 5.0ms
[2025-09-19T00:24:18.937+0530][gc,phases     ] GC(6)   Post Evacuate Collection Set: 0.9ms
[2025-09-19T00:24:18.937+0530][gc,phases     ] GC(6)   Other: 0.9ms
[2025-09-19T00:24:18.937+0530][gc,heap       ] GC(6) Eden regions: 44->0(48)
[2025-09-19T00:24:18.938+0530][gc,heap       ] GC(6) Survivor regions: 7->3(7)
[2025-09-19T00:24:18.938+0530][gc,heap       ] GC(6) Old regions: 10->16
[2025-09-19T00:24:18.938+0530][gc,heap       ] GC(6) Humongous regions: 147->129
[2025-09-19T00:24:18.938+0530][gc,metaspace  ] GC(6) Metaspace: 41442K(43776K)->41442K(43776K) NonClass: 36345K(37632K)->36345K(37632K) Class: 5096K(6144K)->5096K(6144K)
[2025-09-19T00:24:18.938+0530][gc            ] GC(6) Pause Young (Normal) (G1 Evacuation Pause) 206M->145M(1024M) 9.253ms
[2025-09-19T00:24:18.938+0530][gc,cpu        ] GC(6) User=0.04s Sys=0.00s Real=0.01s
[2025-09-19T00:33:00.399+0530][gc,start      ] GC(7) Pause Young (Normal) (G1 Evacuation Pause)
[2025-09-19T00:33:00.401+0530][gc,task       ] GC(7) Using 8 workers of 8 for evacuation
[2025-09-19T00:33:00.426+0530][gc,mmu        ] GC(7) MMU target violated: 21.0ms (20.0ms/21.0ms)
[2025-09-19T00:33:00.426+0530][gc,phases     ] GC(7)   Pre Evacuate Collection Set: 10.4ms
[2025-09-19T00:33:00.426+0530][gc,phases     ] GC(7)   Evacuate Collection Set: 11.1ms
[2025-09-19T00:33:00.427+0530][gc,phases     ] GC(7)   Post Evacuate Collection Set: 1.8ms
[2025-09-19T00:33:00.427+0530][gc,phases     ] GC(7)   Other: 4.8ms
[2025-09-19T00:33:00.427+0530][gc,heap       ] GC(7) Eden regions: 48->0(46)
[2025-09-19T00:33:00.427+0530][gc,heap       ] GC(7) Survivor regions: 3->5(7)
[2025-09-19T00:33:00.427+0530][gc,heap       ] GC(7) Old regions: 16->16
[2025-09-19T00:33:00.427+0530][gc,heap       ] GC(7) Humongous regions: 129->129
[2025-09-19T00:33:00.428+0530][gc,metaspace  ] GC(7) Metaspace: 45671K(48640K)->45671K(48640K) NonClass: 39878K(41472K)->39878K(41472K) Class: 5793K(7168K)->5793K(7168K)
[2025-09-19T00:33:00.428+0530][gc            ] GC(7) Pause Young (Normal) (G1 Evacuation Pause) 193M->148M(1024M) 28.872ms
[2025-09-19T00:33:00.428+0530][gc,cpu        ] GC(7) User=0.10s Sys=0.00s Real=0.02s
