[2025-09-19T00:25:27.125+0530][gc,heap] Heap region size: 1M
[2025-09-19T00:25:27.134+0530][gc     ] Using G1
[2025-09-19T00:25:27.134+0530][gc,heap,coops] Heap address: 0x00000000c0000000, size: 1024 MB, Compressed Oops mode: 32-bit
[2025-09-19T00:25:27.135+0530][gc,cds       ] Mark closed archive regions in map: [0x00000000fff00000, 0x00000000fff6bff8]
[2025-09-19T00:25:27.135+0530][gc,cds       ] Mark open archive regions in map: [0x00000000ffe00000, 0x00000000ffe47ff8]
[2025-09-19T00:25:28.552+0530][gc,start     ] GC(0) Pause Young (Normal) (G1 Evacuation Pause)
[2025-09-19T00:25:28.553+0530][gc,task      ] GC(0) Using 8 workers of 8 for evacuation
[2025-09-19T00:25:28.561+0530][gc,phases    ] GC(0)   Pre Evacuate Collection Set: 0.0ms
[2025-09-19T00:25:28.561+0530][gc,phases    ] GC(0)   Evacuate Collection Set: 6.8ms
[2025-09-19T00:25:28.561+0530][gc,phases    ] GC(0)   Post Evacuate Collection Set: 0.6ms
[2025-09-19T00:25:28.561+0530][gc,phases    ] GC(0)   Other: 1.7ms
[2025-09-19T00:25:28.562+0530][gc,heap      ] GC(0) Eden regions: 51->0(44)
[2025-09-19T00:25:28.562+0530][gc,heap      ] GC(0) Survivor regions: 0->7(7)
[2025-09-19T00:25:28.562+0530][gc,heap      ] GC(0) Old regions: 2->3
[2025-09-19T00:25:28.562+0530][gc,heap      ] GC(0) Humongous regions: 0->0
[2025-09-19T00:25:28.562+0530][gc,metaspace ] GC(0) Metaspace: 13014K(13696K)->13014K(13696K) NonClass: 11371K(11776K)->11371K(11776K) Class: 1643K(1920K)->1643K(1920K)
[2025-09-19T00:25:28.562+0530][gc           ] GC(0) Pause Young (Normal) (G1 Evacuation Pause) 51M->8M(1024M) 10.860ms
[2025-09-19T00:25:28.563+0530][gc,cpu       ] GC(0) User=0.05s Sys=0.01s Real=0.01s
[2025-09-19T00:25:29.143+0530][gc,start     ] GC(1) Pause Young (Concurrent Start) (Metadata GC Threshold)
[2025-09-19T00:25:29.144+0530][gc,task      ] GC(1) Using 8 workers of 8 for evacuation
[2025-09-19T00:25:29.153+0530][gc,phases    ] GC(1)   Pre Evacuate Collection Set: 0.0ms
[2025-09-19T00:25:29.153+0530][gc,phases    ] GC(1)   Evacuate Collection Set: 8.8ms
[2025-09-19T00:25:29.154+0530][gc,phases    ] GC(1)   Post Evacuate Collection Set: 0.5ms
[2025-09-19T00:25:29.154+0530][gc,phases    ] GC(1)   Other: 0.4ms
[2025-09-19T00:25:29.154+0530][gc,heap      ] GC(1) Eden regions: 36->0(49)
[2025-09-19T00:25:29.154+0530][gc,heap      ] GC(1) Survivor regions: 7->2(7)
[2025-09-19T00:25:29.154+0530][gc,heap      ] GC(1) Old regions: 3->10
[2025-09-19T00:25:29.154+0530][gc,heap      ] GC(1) Humongous regions: 0->0
[2025-09-19T00:25:29.154+0530][gc,metaspace ] GC(1) Metaspace: 20558K(21248K)->20558K(21248K) NonClass: 18037K(18432K)->18037K(18432K) Class: 2520K(2816K)->2520K(2816K)
[2025-09-19T00:25:29.155+0530][gc           ] GC(1) Pause Young (Concurrent Start) (Metadata GC Threshold) 44M->9M(1024M) 11.040ms
[2025-09-19T00:25:29.155+0530][gc,cpu       ] GC(1) User=0.02s Sys=0.02s Real=0.01s
[2025-09-19T00:25:29.155+0530][gc           ] GC(2) Concurrent Cycle
[2025-09-19T00:25:29.155+0530][gc,marking   ] GC(2) Concurrent Clear Claimed Marks
[2025-09-19T00:25:29.155+0530][gc,marking   ] GC(2) Concurrent Clear Claimed Marks 0.228ms
[2025-09-19T00:25:29.155+0530][gc,marking   ] GC(2) Concurrent Scan Root Regions
[2025-09-19T00:25:29.156+0530][gc,marking   ] GC(2) Concurrent Scan Root Regions 1.055ms
[2025-09-19T00:25:29.157+0530][gc,marking   ] GC(2) Concurrent Mark (2.053s)
[2025-09-19T00:25:29.157+0530][gc,marking   ] GC(2) Concurrent Mark From Roots
[2025-09-19T00:25:29.157+0530][gc,task      ] GC(2) Using 2 workers of 2 for marking
[2025-09-19T00:25:29.163+0530][gc,marking   ] GC(2) Concurrent Mark From Roots 6.060ms
[2025-09-19T00:25:29.163+0530][gc,marking   ] GC(2) Concurrent Preclean
[2025-09-19T00:25:29.163+0530][gc,marking   ] GC(2) Concurrent Preclean 0.233ms
[2025-09-19T00:25:29.163+0530][gc,marking   ] GC(2) Concurrent Mark (2.053s, 2.060s) 6.873ms
[2025-09-19T00:25:29.164+0530][gc,start     ] GC(2) Pause Remark
[2025-09-19T00:25:29.166+0530][gc,stringtable] GC(2) Cleaned string and symbol table, strings: 5812 processed, 0 removed, symbols: 54345 processed, 46 removed
[2025-09-19T00:25:29.167+0530][gc            ] GC(2) Pause Remark 10M->10M(1024M) 2.749ms
[2025-09-19T00:25:29.167+0530][gc,cpu        ] GC(2) User=0.02s Sys=0.00s Real=0.00s
[2025-09-19T00:25:29.167+0530][gc,marking    ] GC(2) Concurrent Rebuild Remembered Sets
[2025-09-19T00:25:29.170+0530][gc,marking    ] GC(2) Concurrent Rebuild Remembered Sets 2.421ms
[2025-09-19T00:25:29.170+0530][gc,start      ] GC(2) Pause Cleanup
[2025-09-19T00:25:29.171+0530][gc            ] GC(2) Pause Cleanup 10M->10M(1024M) 0.456ms
[2025-09-19T00:25:29.171+0530][gc,cpu        ] GC(2) User=0.00s Sys=0.00s Real=0.00s
[2025-09-19T00:25:29.171+0530][gc,marking    ] GC(2) Concurrent Cleanup for Next Mark
[2025-09-19T00:25:29.179+0530][gc,marking    ] GC(2) Concurrent Cleanup for Next Mark 7.590ms
[2025-09-19T00:25:29.179+0530][gc            ] GC(2) Concurrent Cycle 24.065ms
[2025-09-19T00:25:29.891+0530][gc,start      ] GC(3) Pause Young (Normal) (G1 Evacuation Pause)
[2025-09-19T00:25:29.891+0530][gc,task       ] GC(3) Using 8 workers of 8 for evacuation
[2025-09-19T00:25:29.894+0530][gc,phases     ] GC(3)   Pre Evacuate Collection Set: 0.0ms
[2025-09-19T00:25:29.894+0530][gc,phases     ] GC(3)   Evacuate Collection Set: 2.0ms
[2025-09-19T00:25:29.894+0530][gc,phases     ] GC(3)   Post Evacuate Collection Set: 0.4ms
[2025-09-19T00:25:29.894+0530][gc,phases     ] GC(3)   Other: 0.4ms
[2025-09-19T00:25:29.894+0530][gc,heap       ] GC(3) Eden regions: 49->0(47)
[2025-09-19T00:25:29.895+0530][gc,heap       ] GC(3) Survivor regions: 2->4(7)
[2025-09-19T00:25:29.895+0530][gc,heap       ] GC(3) Old regions: 10->10
[2025-09-19T00:25:29.895+0530][gc,heap       ] GC(3) Humongous regions: 129->129
[2025-09-19T00:25:29.895+0530][gc,metaspace  ] GC(3) Metaspace: 29101K(30336K)->29101K(30336K) NonClass: 25781K(26624K)->25781K(26624K) Class: 3319K(3712K)->3319K(3712K)
[2025-09-19T00:25:29.895+0530][gc            ] GC(3) Pause Young (Normal) (G1 Evacuation Pause) 187M->140M(1024M) 3.997ms
[2025-09-19T00:25:29.895+0530][gc,cpu        ] GC(3) User=0.01s Sys=0.00s Real=0.00s
[2025-09-19T00:25:30.558+0530][gc,start      ] GC(4) Pause Young (Concurrent Start) (Metadata GC Threshold)
[2025-09-19T00:25:30.558+0530][gc,task       ] GC(4) Using 8 workers of 8 for evacuation
[2025-09-19T00:25:30.568+0530][gc,phases     ] GC(4)   Pre Evacuate Collection Set: 0.1ms
[2025-09-19T00:25:30.568+0530][gc,phases     ] GC(4)   Evacuate Collection Set: 7.7ms
[2025-09-19T00:25:30.568+0530][gc,phases     ] GC(4)   Post Evacuate Collection Set: 1.2ms
[2025-09-19T00:25:30.569+0530][gc,phases     ] GC(4)   Other: 0.7ms
[2025-09-19T00:25:30.569+0530][gc,heap       ] GC(4) Eden regions: 37->0(44)
[2025-09-19T00:25:30.569+0530][gc,heap       ] GC(4) Survivor regions: 4->7(7)
[2025-09-19T00:25:30.570+0530][gc,heap       ] GC(4) Old regions: 10->10
[2025-09-19T00:25:30.570+0530][gc,heap       ] GC(4) Humongous regions: 129->129
[2025-09-19T00:25:30.570+0530][gc,metaspace  ] GC(4) Metaspace: 34517K(35840K)->34517K(35840K) NonClass: 30574K(31232K)->30574K(31232K) Class: 3943K(4608K)->3943K(4608K)
[2025-09-19T00:25:30.570+0530][gc            ] GC(4) Pause Young (Concurrent Start) (Metadata GC Threshold) 177M->144M(1024M) 12.061ms
[2025-09-19T00:25:30.570+0530][gc,cpu        ] GC(4) User=0.06s Sys=0.00s Real=0.01s
[2025-09-19T00:25:30.571+0530][gc            ] GC(5) Concurrent Cycle
[2025-09-19T00:25:30.571+0530][gc,marking    ] GC(5) Concurrent Clear Claimed Marks
[2025-09-19T00:25:30.571+0530][gc,marking    ] GC(5) Concurrent Clear Claimed Marks 0.438ms
[2025-09-19T00:25:30.572+0530][gc,marking    ] GC(5) Concurrent Scan Root Regions
[2025-09-19T00:25:30.575+0530][gc,marking    ] GC(5) Concurrent Scan Root Regions 3.224ms
[2025-09-19T00:25:30.575+0530][gc,marking    ] GC(5) Concurrent Mark (3.472s)
[2025-09-19T00:25:30.575+0530][gc,marking    ] GC(5) Concurrent Mark From Roots
[2025-09-19T00:25:30.576+0530][gc,task       ] GC(5) Using 2 workers of 2 for marking
[2025-09-19T00:25:30.582+0530][gc,marking    ] GC(5) Concurrent Mark From Roots 6.099ms
[2025-09-19T00:25:30.582+0530][gc,marking    ] GC(5) Concurrent Preclean
[2025-09-19T00:25:30.582+0530][gc,marking    ] GC(5) Concurrent Preclean 0.357ms
[2025-09-19T00:25:30.582+0530][gc,marking    ] GC(5) Concurrent Mark (3.472s, 3.479s) 7.192ms
[2025-09-19T00:25:30.583+0530][gc,start      ] GC(5) Pause Remark
[2025-09-19T00:25:30.586+0530][gc,stringtable] GC(5) Cleaned string and symbol table, strings: 11763 processed, 11 removed, symbols: 86932 processed, 15 removed
[2025-09-19T00:25:30.587+0530][gc            ] GC(5) Pause Remark 144M->144M(1024M) 3.738ms
[2025-09-19T00:25:30.587+0530][gc,cpu        ] GC(5) User=0.02s Sys=0.00s Real=0.00s
[2025-09-19T00:25:30.587+0530][gc,marking    ] GC(5) Concurrent Rebuild Remembered Sets
[2025-09-19T00:25:30.591+0530][gc,marking    ] GC(5) Concurrent Rebuild Remembered Sets 4.004ms
[2025-09-19T00:25:30.592+0530][gc,start      ] GC(5) Pause Cleanup
[2025-09-19T00:25:30.593+0530][gc            ] GC(5) Pause Cleanup 144M->144M(1024M) 0.559ms
[2025-09-19T00:25:30.593+0530][gc,cpu        ] GC(5) User=0.00s Sys=0.00s Real=0.00s
[2025-09-19T00:25:30.593+0530][gc,marking    ] GC(5) Concurrent Cleanup for Next Mark
[2025-09-19T00:25:30.602+0530][gc,marking    ] GC(5) Concurrent Cleanup for Next Mark 8.450ms
[2025-09-19T00:25:30.602+0530][gc            ] GC(5) Concurrent Cycle 31.469ms
[2025-09-19T00:27:49.354+0530][gc,start      ] GC(6) Pause Young (Normal) (G1 Evacuation Pause)
[2025-09-19T00:27:49.355+0530][gc,task       ] GC(6) Using 8 workers of 8 for evacuation
[2025-09-19T00:27:49.362+0530][gc,phases     ] GC(6)   Pre Evacuate Collection Set: 1.5ms
[2025-09-19T00:27:49.363+0530][gc,phases     ] GC(6)   Evacuate Collection Set: 4.4ms
[2025-09-19T00:27:49.363+0530][gc,phases     ] GC(6)   Post Evacuate Collection Set: 1.0ms
[2025-09-19T00:27:49.363+0530][gc,phases     ] GC(6)   Other: 1.4ms
[2025-09-19T00:27:49.364+0530][gc,heap       ] GC(6) Eden regions: 44->0(48)
[2025-09-19T00:27:49.364+0530][gc,heap       ] GC(6) Survivor regions: 7->3(7)
[2025-09-19T00:27:49.364+0530][gc,heap       ] GC(6) Old regions: 10->16
[2025-09-19T00:27:49.364+0530][gc,heap       ] GC(6) Humongous regions: 129->129
[2025-09-19T00:27:49.364+0530][gc,metaspace  ] GC(6) Metaspace: 41856K(44160K)->41856K(44160K) NonClass: 36710K(37888K)->36710K(37888K) Class: 5146K(6272K)->5146K(6272K)
[2025-09-19T00:27:49.364+0530][gc            ] GC(6) Pause Young (Normal) (G1 Evacuation Pause) 188M->146M(1024M) 10.308ms
[2025-09-19T00:27:49.364+0530][gc,cpu        ] GC(6) User=0.02s Sys=0.02s Real=0.01s
