[2025-09-18T23:52:46.244+0530][gc,heap] Heap region size: 1M
[2025-09-18T23:52:46.253+0530][gc     ] Using G1
[2025-09-18T23:52:46.253+0530][gc,heap,coops] Heap address: 0x00000000c0000000, size: 1024 MB, Compressed Oops mode: 32-bit
[2025-09-18T23:52:46.254+0530][gc,cds       ] Mark closed archive regions in map: [0x00000000fff00000, 0x00000000fff6bff8]
[2025-09-18T23:52:46.254+0530][gc,cds       ] Mark open archive regions in map: [0x00000000ffe00000, 0x00000000ffe47ff8]
[2025-09-18T23:52:47.816+0530][gc,start     ] GC(0) Pause Young (Normal) (G1 Evacuation Pause)
[2025-09-18T23:52:47.817+0530][gc,task      ] GC(0) Using 8 workers of 8 for evacuation
[2025-09-18T23:52:47.826+0530][gc,phases    ] GC(0)   Pre Evacuate Collection Set: 0.0ms
[2025-09-18T23:52:47.827+0530][gc,phases    ] GC(0)   Evacuate Collection Set: 8.1ms
[2025-09-18T23:52:47.827+0530][gc,phases    ] GC(0)   Post Evacuate Collection Set: 0.7ms
[2025-09-18T23:52:47.827+0530][gc,phases    ] GC(0)   Other: 1.7ms
[2025-09-18T23:52:47.828+0530][gc,heap      ] GC(0) Eden regions: 51->0(44)
[2025-09-18T23:52:47.828+0530][gc,heap      ] GC(0) Survivor regions: 0->7(7)
[2025-09-18T23:52:47.828+0530][gc,heap      ] GC(0) Old regions: 2->3
[2025-09-18T23:52:47.828+0530][gc,heap      ] GC(0) Humongous regions: 0->0
[2025-09-18T23:52:47.828+0530][gc,metaspace ] GC(0) Metaspace: 13031K(13696K)->13031K(13696K) NonClass: 11388K(11776K)->11388K(11776K) Class: 1643K(1920K)->1643K(1920K)
[2025-09-18T23:52:47.829+0530][gc           ] GC(0) Pause Young (Normal) (G1 Evacuation Pause) 51M->8M(1024M) 12.666ms
[2025-09-18T23:52:47.829+0530][gc,cpu       ] GC(0) User=0.04s Sys=0.03s Real=0.01s
[2025-09-18T23:52:48.788+0530][gc,start     ] GC(1) Pause Young (Concurrent Start) (Metadata GC Threshold)
[2025-09-18T23:52:48.788+0530][gc,task      ] GC(1) Using 8 workers of 8 for evacuation
[2025-09-18T23:52:48.804+0530][gc,phases    ] GC(1)   Pre Evacuate Collection Set: 0.0ms
[2025-09-18T23:52:48.804+0530][gc,phases    ] GC(1)   Evacuate Collection Set: 15.1ms
[2025-09-18T23:52:48.805+0530][gc,phases    ] GC(1)   Post Evacuate Collection Set: 0.6ms
[2025-09-18T23:52:48.805+0530][gc,phases    ] GC(1)   Other: 0.6ms
[2025-09-18T23:52:48.805+0530][gc,heap      ] GC(1) Eden regions: 36->0(49)
[2025-09-18T23:52:48.805+0530][gc,heap      ] GC(1) Survivor regions: 7->2(7)
[2025-09-18T23:52:48.805+0530][gc,heap      ] GC(1) Old regions: 3->10
[2025-09-18T23:52:48.806+0530][gc,heap      ] GC(1) Humongous regions: 0->0
[2025-09-18T23:52:48.806+0530][gc,metaspace ] GC(1) Metaspace: 20531K(21248K)->20531K(21248K) NonClass: 18009K(18432K)->18009K(18432K) Class: 2522K(2816K)->2522K(2816K)
[2025-09-18T23:52:48.806+0530][gc           ] GC(1) Pause Young (Concurrent Start) (Metadata GC Threshold) 44M->9M(1024M) 18.102ms
[2025-09-18T23:52:48.806+0530][gc,cpu       ] GC(1) User=0.05s Sys=0.01s Real=0.02s
[2025-09-18T23:52:48.806+0530][gc           ] GC(2) Concurrent Cycle
[2025-09-18T23:52:48.806+0530][gc,marking   ] GC(2) Concurrent Clear Claimed Marks
[2025-09-18T23:52:48.807+0530][gc,marking   ] GC(2) Concurrent Clear Claimed Marks 0.200ms
[2025-09-18T23:52:48.807+0530][gc,marking   ] GC(2) Concurrent Scan Root Regions
[2025-09-18T23:52:48.808+0530][gc,marking   ] GC(2) Concurrent Scan Root Regions 0.913ms
[2025-09-18T23:52:48.808+0530][gc,marking   ] GC(2) Concurrent Mark (2.569s)
[2025-09-18T23:52:48.808+0530][gc,marking   ] GC(2) Concurrent Mark From Roots
[2025-09-18T23:52:48.808+0530][gc,task      ] GC(2) Using 2 workers of 2 for marking
[2025-09-18T23:52:48.815+0530][gc,marking   ] GC(2) Concurrent Mark From Roots 6.648ms
[2025-09-18T23:52:48.815+0530][gc,marking   ] GC(2) Concurrent Preclean
[2025-09-18T23:52:48.816+0530][gc,marking   ] GC(2) Concurrent Preclean 0.393ms
[2025-09-18T23:52:48.816+0530][gc,marking   ] GC(2) Concurrent Mark (2.569s, 2.577s) 8.304ms
[2025-09-18T23:52:48.817+0530][gc,start     ] GC(2) Pause Remark
[2025-09-18T23:52:48.826+0530][gc,stringtable] GC(2) Cleaned string and symbol table, strings: 5845 processed, 0 removed, symbols: 54479 processed, 47 removed
[2025-09-18T23:52:48.827+0530][gc            ] GC(2) Pause Remark 10M->10M(1024M) 9.309ms
[2025-09-18T23:52:48.827+0530][gc,cpu        ] GC(2) User=0.06s Sys=0.00s Real=0.00s
[2025-09-18T23:52:48.827+0530][gc,marking    ] GC(2) Concurrent Rebuild Remembered Sets
[2025-09-18T23:52:48.831+0530][gc,marking    ] GC(2) Concurrent Rebuild Remembered Sets 3.778ms
[2025-09-18T23:52:48.832+0530][gc,start      ] GC(2) Pause Cleanup
[2025-09-18T23:52:48.834+0530][gc            ] GC(2) Pause Cleanup 10M->10M(1024M) 1.815ms
[2025-09-18T23:52:48.834+0530][gc,cpu        ] GC(2) User=0.00s Sys=0.00s Real=0.00s
[2025-09-18T23:52:48.835+0530][gc,marking    ] GC(2) Concurrent Cleanup for Next Mark
[2025-09-18T23:52:48.847+0530][gc,marking    ] GC(2) Concurrent Cleanup for Next Mark 12.050ms
[2025-09-18T23:52:48.847+0530][gc            ] GC(2) Concurrent Cycle 40.807ms
[2025-09-18T23:52:49.977+0530][gc,start      ] GC(3) Pause Young (Normal) (G1 Evacuation Pause)
[2025-09-18T23:52:49.977+0530][gc,task       ] GC(3) Using 8 workers of 8 for evacuation
[2025-09-18T23:52:49.980+0530][gc,phases     ] GC(3)   Pre Evacuate Collection Set: 0.0ms
[2025-09-18T23:52:49.980+0530][gc,phases     ] GC(3)   Evacuate Collection Set: 2.1ms
[2025-09-18T23:52:49.981+0530][gc,phases     ] GC(3)   Post Evacuate Collection Set: 0.7ms
[2025-09-18T23:52:49.981+0530][gc,phases     ] GC(3)   Other: 0.4ms
[2025-09-18T23:52:49.981+0530][gc,heap       ] GC(3) Eden regions: 49->0(47)
[2025-09-18T23:52:49.981+0530][gc,heap       ] GC(3) Survivor regions: 2->4(7)
[2025-09-18T23:52:49.981+0530][gc,heap       ] GC(3) Old regions: 10->10
[2025-09-18T23:52:49.981+0530][gc,heap       ] GC(3) Humongous regions: 129->129
[2025-09-18T23:52:49.981+0530][gc,metaspace  ] GC(3) Metaspace: 29073K(30080K)->29073K(30080K) NonClass: 25786K(26368K)->25786K(26368K) Class: 3287K(3712K)->3287K(3712K)
[2025-09-18T23:52:49.981+0530][gc            ] GC(3) Pause Young (Normal) (G1 Evacuation Pause) 187M->140M(1024M) 4.481ms
[2025-09-18T23:52:49.982+0530][gc,cpu        ] GC(3) User=0.01s Sys=0.01s Real=0.00s
[2025-09-18T23:52:50.572+0530][gc,start      ] GC(4) Pause Young (Concurrent Start) (Metadata GC Threshold)
[2025-09-18T23:52:50.572+0530][gc,task       ] GC(4) Using 8 workers of 8 for evacuation
[2025-09-18T23:52:50.578+0530][gc,phases     ] GC(4)   Pre Evacuate Collection Set: 0.1ms
[2025-09-18T23:52:50.578+0530][gc,phases     ] GC(4)   Evacuate Collection Set: 3.7ms
[2025-09-18T23:52:50.578+0530][gc,phases     ] GC(4)   Post Evacuate Collection Set: 0.8ms
[2025-09-18T23:52:50.579+0530][gc,phases     ] GC(4)   Other: 0.7ms
[2025-09-18T23:52:50.579+0530][gc,heap       ] GC(4) Eden regions: 37->0(44)
[2025-09-18T23:52:50.579+0530][gc,heap       ] GC(4) Survivor regions: 4->7(7)
[2025-09-18T23:52:50.579+0530][gc,heap       ] GC(4) Old regions: 10->10
[2025-09-18T23:52:50.580+0530][gc,heap       ] GC(4) Humongous regions: 129->129
[2025-09-18T23:52:50.580+0530][gc,metaspace  ] GC(4) Metaspace: 34487K(35840K)->34487K(35840K) NonClass: 30566K(31360K)->30566K(31360K) Class: 3921K(4480K)->3921K(4480K)
[2025-09-18T23:52:50.580+0530][gc            ] GC(4) Pause Young (Concurrent Start) (Metadata GC Threshold) 177M->144M(1024M) 7.870ms
[2025-09-18T23:52:50.580+0530][gc,cpu        ] GC(4) User=0.03s Sys=0.00s Real=0.01s
[2025-09-18T23:52:50.580+0530][gc            ] GC(5) Concurrent Cycle
[2025-09-18T23:52:50.585+0530][gc,marking    ] GC(5) Concurrent Clear Claimed Marks
[2025-09-18T23:52:50.585+0530][gc,marking    ] GC(5) Concurrent Clear Claimed Marks 0.399ms
[2025-09-18T23:52:50.586+0530][gc,marking    ] GC(5) Concurrent Scan Root Regions
[2025-09-18T23:52:50.588+0530][gc,marking    ] GC(5) Concurrent Scan Root Regions 2.375ms
[2025-09-18T23:52:50.588+0530][gc,marking    ] GC(5) Concurrent Mark (4.349s)
[2025-09-18T23:52:50.589+0530][gc,marking    ] GC(5) Concurrent Mark From Roots
[2025-09-18T23:52:50.589+0530][gc,task       ] GC(5) Using 2 workers of 2 for marking
[2025-09-18T23:52:50.594+0530][gc,marking    ] GC(5) Concurrent Mark From Roots 5.554ms
[2025-09-18T23:52:50.594+0530][gc,marking    ] GC(5) Concurrent Preclean
[2025-09-18T23:52:50.595+0530][gc,marking    ] GC(5) Concurrent Preclean 0.442ms
[2025-09-18T23:52:50.595+0530][gc,marking    ] GC(5) Concurrent Mark (4.349s, 4.356s) 6.894ms
[2025-09-18T23:52:50.596+0530][gc,start      ] GC(5) Pause Remark
[2025-09-18T23:52:50.598+0530][gc,stringtable] GC(5) Cleaned string and symbol table, strings: 11724 processed, 10 removed, symbols: 87041 processed, 15 removed
[2025-09-18T23:52:50.599+0530][gc            ] GC(5) Pause Remark 145M->145M(1024M) 3.034ms
[2025-09-18T23:52:50.599+0530][gc,cpu        ] GC(5) User=0.01s Sys=0.00s Real=0.01s
[2025-09-18T23:52:50.599+0530][gc,marking    ] GC(5) Concurrent Rebuild Remembered Sets
[2025-09-18T23:52:50.604+0530][gc,marking    ] GC(5) Concurrent Rebuild Remembered Sets 4.365ms
[2025-09-18T23:52:50.604+0530][gc,start      ] GC(5) Pause Cleanup
[2025-09-18T23:52:50.605+0530][gc            ] GC(5) Pause Cleanup 146M->146M(1024M) 0.638ms
[2025-09-18T23:52:50.605+0530][gc,cpu        ] GC(5) User=0.01s Sys=0.00s Real=0.00s
[2025-09-18T23:52:50.606+0530][gc,marking    ] GC(5) Concurrent Cleanup for Next Mark
[2025-09-18T23:52:50.618+0530][gc,marking    ] GC(5) Concurrent Cleanup for Next Mark 11.826ms
[2025-09-18T23:52:50.618+0530][gc            ] GC(5) Concurrent Cycle 37.534ms
[2025-09-18T23:56:37.276+0530][gc,start      ] GC(6) Pause Young (Normal) (G1 Evacuation Pause)
[2025-09-18T23:56:37.277+0530][gc,task       ] GC(6) Using 8 workers of 8 for evacuation
[2025-09-18T23:56:37.283+0530][gc,phases     ] GC(6)   Pre Evacuate Collection Set: 0.0ms
[2025-09-18T23:56:37.284+0530][gc,phases     ] GC(6)   Evacuate Collection Set: 5.5ms
[2025-09-18T23:56:37.284+0530][gc,phases     ] GC(6)   Post Evacuate Collection Set: 0.8ms
[2025-09-18T23:56:37.284+0530][gc,phases     ] GC(6)   Other: 0.6ms
[2025-09-18T23:56:37.284+0530][gc,heap       ] GC(6) Eden regions: 44->0(45)
[2025-09-18T23:56:37.284+0530][gc,heap       ] GC(6) Survivor regions: 7->6(7)
[2025-09-18T23:56:37.284+0530][gc,heap       ] GC(6) Old regions: 10->13
[2025-09-18T23:56:37.285+0530][gc,heap       ] GC(6) Humongous regions: 129->129
[2025-09-18T23:56:37.285+0530][gc,metaspace  ] GC(6) Metaspace: 42063K(44416K)->42063K(44416K) NonClass: 36695K(37888K)->36695K(37888K) Class: 5367K(6528K)->5367K(6528K)
[2025-09-18T23:56:37.285+0530][gc            ] GC(6) Pause Young (Normal) (G1 Evacuation Pause) 188M->146M(1024M) 8.482ms
[2025-09-18T23:56:37.285+0530][gc,cpu        ] GC(6) User=0.04s Sys=0.01s Real=0.01s
[2025-09-19T00:02:21.925+0530][gc,start      ] GC(7) Pause Young (Normal) (G1 Evacuation Pause)
[2025-09-19T00:02:21.926+0530][gc,task       ] GC(7) Using 8 workers of 8 for evacuation
[2025-09-19T00:02:21.937+0530][gc,phases     ] GC(7)   Pre Evacuate Collection Set: 0.2ms
[2025-09-19T00:02:21.938+0530][gc,phases     ] GC(7)   Evacuate Collection Set: 8.7ms
[2025-09-19T00:02:21.938+0530][gc,phases     ] GC(7)   Post Evacuate Collection Set: 1.7ms
[2025-09-19T00:02:21.939+0530][gc,phases     ] GC(7)   Other: 1.4ms
[2025-09-19T00:02:21.939+0530][gc,heap       ] GC(7) Eden regions: 45->0(45)
[2025-09-19T00:02:21.939+0530][gc,heap       ] GC(7) Survivor regions: 6->6(7)
[2025-09-19T00:02:21.940+0530][gc,heap       ] GC(7) Old regions: 13->17
[2025-09-19T00:02:21.940+0530][gc,heap       ] GC(7) Humongous regions: 129->129
[2025-09-19T00:02:21.940+0530][gc,metaspace  ] GC(7) Metaspace: 46038K(49024K)->46038K(49024K) NonClass: 40142K(41728K)->40142K(41728K) Class: 5896K(7296K)->5896K(7296K)
[2025-09-19T00:02:21.940+0530][gc            ] GC(7) Pause Young (Normal) (G1 Evacuation Pause) 191M->149M(1024M) 15.294ms
[2025-09-19T00:02:21.941+0530][gc,cpu        ] GC(7) User=0.06s Sys=0.00s Real=0.02s
[2025-09-19T00:18:56.151+0530][gc,start      ] GC(8) Pause Young (Normal) (G1 Evacuation Pause)
[2025-09-19T00:18:56.151+0530][gc,task       ] GC(8) Using 8 workers of 8 for evacuation
[2025-09-19T00:18:56.156+0530][gc,phases     ] GC(8)   Pre Evacuate Collection Set: 0.1ms
[2025-09-19T00:18:56.156+0530][gc,phases     ] GC(8)   Evacuate Collection Set: 3.9ms
[2025-09-19T00:18:56.157+0530][gc,phases     ] GC(8)   Post Evacuate Collection Set: 0.7ms
[2025-09-19T00:18:56.157+0530][gc,phases     ] GC(8)   Other: 0.6ms
[2025-09-19T00:18:56.157+0530][gc,heap       ] GC(8) Eden regions: 45->0(47)
[2025-09-19T00:18:56.157+0530][gc,heap       ] GC(8) Survivor regions: 6->4(7)
[2025-09-19T00:18:56.157+0530][gc,heap       ] GC(8) Old regions: 17->18
[2025-09-19T00:18:56.157+0530][gc,heap       ] GC(8) Humongous regions: 129->129
[2025-09-19T00:18:56.158+0530][gc,metaspace  ] GC(8) Metaspace: 47281K(50432K)->47281K(50432K) NonClass: 41118K(42752K)->41118K(42752K) Class: 6162K(7680K)->6162K(7680K)
[2025-09-19T00:18:56.158+0530][gc            ] GC(8) Pause Young (Normal) (G1 Evacuation Pause) 194M->149M(1024M) 7.012ms
[2025-09-19T00:18:56.158+0530][gc,cpu        ] GC(8) User=0.03s Sys=0.00s Real=0.01s
[2025-09-19T00:18:56.171+0530][gc,heap,exit  ] Heap
[2025-09-19T00:18:56.171+0530][gc,heap,exit  ]  garbage-first heap   total 1048576K, used 154279K [0x00000000c0000000, 0x0000000100000000)
[2025-09-19T00:18:56.171+0530][gc,heap,exit  ]   region size 1024K, 6 young (6144K), 4 survivors (4096K)
[2025-09-19T00:18:56.171+0530][gc,heap,exit  ]  Metaspace       used 47317K, capacity 50390K, committed 50560K, reserved 1091584K
[2025-09-19T00:18:56.171+0530][gc,heap,exit  ]   class space    used 6172K, capacity 7689K, committed 7808K, reserved 1048576K
