[2025-09-19T00:24:55.877+0530][gc,heap] Heap region size: 1M
[2025-09-19T00:24:55.886+0530][gc     ] Using G1
[2025-09-19T00:24:55.886+0530][gc,heap,coops] Heap address: 0x00000000c0000000, size: 1024 MB, Compressed Oops mode: 32-bit
[2025-09-19T00:24:55.887+0530][gc,cds       ] Mark closed archive regions in map: [0x00000000fff00000, 0x00000000fff6bff8]
[2025-09-19T00:24:55.887+0530][gc,cds       ] Mark open archive regions in map: [0x00000000ffe00000, 0x00000000ffe47ff8]
[2025-09-19T00:24:57.342+0530][gc,start     ] GC(0) Pause Young (Normal) (G1 Evacuation Pause)
[2025-09-19T00:24:57.343+0530][gc,task      ] GC(0) Using 8 workers of 8 for evacuation
[2025-09-19T00:24:57.353+0530][gc,phases    ] GC(0)   Pre Evacuate Collection Set: 0.0ms
[2025-09-19T00:24:57.353+0530][gc,phases    ] GC(0)   Evacuate Collection Set: 8.6ms
[2025-09-19T00:24:57.354+0530][gc,phases    ] GC(0)   Post Evacuate Collection Set: 0.7ms
[2025-09-19T00:24:57.354+0530][gc,phases    ] GC(0)   Other: 1.5ms
[2025-09-19T00:24:57.354+0530][gc,heap      ] GC(0) Eden regions: 51->0(44)
[2025-09-19T00:24:57.355+0530][gc,heap      ] GC(0) Survivor regions: 0->7(7)
[2025-09-19T00:24:57.355+0530][gc,heap      ] GC(0) Old regions: 2->3
[2025-09-19T00:24:57.355+0530][gc,heap      ] GC(0) Humongous regions: 0->0
[2025-09-19T00:24:57.355+0530][gc,metaspace ] GC(0) Metaspace: 13051K(13696K)->13051K(13696K) NonClass: 11408K(11776K)->11408K(11776K) Class: 1643K(1920K)->1643K(1920K)
[2025-09-19T00:24:57.355+0530][gc           ] GC(0) Pause Young (Normal) (G1 Evacuation Pause) 51M->8M(1024M) 13.338ms
[2025-09-19T00:24:57.356+0530][gc,cpu       ] GC(0) User=0.05s Sys=0.03s Real=0.01s
[2025-09-19T00:24:58.038+0530][gc,start     ] GC(1) Pause Young (Concurrent Start) (Metadata GC Threshold)
[2025-09-19T00:24:58.039+0530][gc,task      ] GC(1) Using 8 workers of 8 for evacuation
[2025-09-19T00:24:58.059+0530][gc,phases    ] GC(1)   Pre Evacuate Collection Set: 0.1ms
[2025-09-19T00:24:58.059+0530][gc,phases    ] GC(1)   Evacuate Collection Set: 18.6ms
[2025-09-19T00:24:58.059+0530][gc,phases    ] GC(1)   Post Evacuate Collection Set: 0.8ms
[2025-09-19T00:24:58.059+0530][gc,phases    ] GC(1)   Other: 0.7ms
[2025-09-19T00:24:58.060+0530][gc,heap      ] GC(1) Eden regions: 36->0(49)
[2025-09-19T00:24:58.060+0530][gc,heap      ] GC(1) Survivor regions: 7->2(7)
[2025-09-19T00:24:58.060+0530][gc,heap      ] GC(1) Old regions: 3->10
[2025-09-19T00:24:58.060+0530][gc,heap      ] GC(1) Humongous regions: 0->0
[2025-09-19T00:24:58.060+0530][gc,metaspace ] GC(1) Metaspace: 20572K(21248K)->20572K(21248K) NonClass: 18052K(18432K)->18052K(18432K) Class: 2520K(2816K)->2520K(2816K)
[2025-09-19T00:24:58.061+0530][gc           ] GC(1) Pause Young (Concurrent Start) (Metadata GC Threshold) 44M->9M(1024M) 22.122ms
[2025-09-19T00:24:58.061+0530][gc,cpu       ] GC(1) User=0.08s Sys=0.02s Real=0.02s
[2025-09-19T00:24:58.061+0530][gc           ] GC(2) Concurrent Cycle
[2025-09-19T00:24:58.061+0530][gc,marking   ] GC(2) Concurrent Clear Claimed Marks
[2025-09-19T00:24:58.062+0530][gc,marking   ] GC(2) Concurrent Clear Claimed Marks 0.296ms
[2025-09-19T00:24:58.062+0530][gc,marking   ] GC(2) Concurrent Scan Root Regions
[2025-09-19T00:24:58.064+0530][gc,marking   ] GC(2) Concurrent Scan Root Regions 1.592ms
[2025-09-19T00:24:58.064+0530][gc,marking   ] GC(2) Concurrent Mark (2.206s)
[2025-09-19T00:24:58.064+0530][gc,marking   ] GC(2) Concurrent Mark From Roots
[2025-09-19T00:24:58.065+0530][gc,task      ] GC(2) Using 2 workers of 2 for marking
[2025-09-19T00:24:58.073+0530][gc,marking   ] GC(2) Concurrent Mark From Roots 8.863ms
[2025-09-19T00:24:58.074+0530][gc,marking   ] GC(2) Concurrent Preclean
[2025-09-19T00:24:58.074+0530][gc,marking   ] GC(2) Concurrent Preclean 0.455ms
[2025-09-19T00:24:58.074+0530][gc,marking   ] GC(2) Concurrent Mark (2.206s, 2.216s) 10.190ms
[2025-09-19T00:24:58.075+0530][gc,start     ] GC(2) Pause Remark
[2025-09-19T00:24:58.077+0530][gc,stringtable] GC(2) Cleaned string and symbol table, strings: 5811 processed, 0 removed, symbols: 54343 processed, 46 removed
[2025-09-19T00:24:58.078+0530][gc            ] GC(2) Pause Remark 10M->10M(1024M) 3.096ms
[2025-09-19T00:24:58.078+0530][gc,cpu        ] GC(2) User=0.02s Sys=0.00s Real=0.01s
[2025-09-19T00:24:58.079+0530][gc,marking    ] GC(2) Concurrent Rebuild Remembered Sets
[2025-09-19T00:24:58.082+0530][gc,marking    ] GC(2) Concurrent Rebuild Remembered Sets 3.952ms
[2025-09-19T00:24:58.083+0530][gc,start      ] GC(2) Pause Cleanup
[2025-09-19T00:24:58.084+0530][gc            ] GC(2) Pause Cleanup 10M->10M(1024M) 0.814ms
[2025-09-19T00:24:58.084+0530][gc,cpu        ] GC(2) User=0.00s Sys=0.00s Real=0.00s
[2025-09-19T00:24:58.084+0530][gc,marking    ] GC(2) Concurrent Cleanup for Next Mark
[2025-09-19T00:24:58.096+0530][gc,marking    ] GC(2) Concurrent Cleanup for Next Mark 11.132ms
[2025-09-19T00:24:58.096+0530][gc            ] GC(2) Concurrent Cycle 34.926ms
[2025-09-19T00:24:58.925+0530][gc,start      ] GC(3) Pause Young (Normal) (G1 Evacuation Pause)
[2025-09-19T00:24:58.926+0530][gc,task       ] GC(3) Using 8 workers of 8 for evacuation
[2025-09-19T00:24:58.928+0530][gc,phases     ] GC(3)   Pre Evacuate Collection Set: 0.0ms
[2025-09-19T00:24:58.928+0530][gc,phases     ] GC(3)   Evacuate Collection Set: 1.7ms
[2025-09-19T00:24:58.929+0530][gc,phases     ] GC(3)   Post Evacuate Collection Set: 0.5ms
[2025-09-19T00:24:58.929+0530][gc,phases     ] GC(3)   Other: 0.4ms
[2025-09-19T00:24:58.929+0530][gc,heap       ] GC(3) Eden regions: 49->0(47)
[2025-09-19T00:24:58.929+0530][gc,heap       ] GC(3) Survivor regions: 2->4(7)
[2025-09-19T00:24:58.929+0530][gc,heap       ] GC(3) Old regions: 10->10
[2025-09-19T00:24:58.929+0530][gc,heap       ] GC(3) Humongous regions: 129->129
[2025-09-19T00:24:58.930+0530][gc,metaspace  ] GC(3) Metaspace: 29117K(30336K)->29117K(30336K) NonClass: 25798K(26624K)->25798K(26624K) Class: 3318K(3712K)->3318K(3712K)
[2025-09-19T00:24:58.930+0530][gc            ] GC(3) Pause Young (Normal) (G1 Evacuation Pause) 187M->140M(1024M) 4.404ms
[2025-09-19T00:24:58.930+0530][gc,cpu        ] GC(3) User=0.01s Sys=0.00s Real=0.01s
[2025-09-19T00:24:59.643+0530][gc,start      ] GC(4) Pause Young (Concurrent Start) (Metadata GC Threshold)
[2025-09-19T00:24:59.643+0530][gc,task       ] GC(4) Using 8 workers of 8 for evacuation
[2025-09-19T00:24:59.653+0530][gc,phases     ] GC(4)   Pre Evacuate Collection Set: 0.1ms
[2025-09-19T00:24:59.653+0530][gc,phases     ] GC(4)   Evacuate Collection Set: 9.0ms
[2025-09-19T00:24:59.654+0530][gc,phases     ] GC(4)   Post Evacuate Collection Set: 0.7ms
[2025-09-19T00:24:59.654+0530][gc,phases     ] GC(4)   Other: 0.6ms
[2025-09-19T00:24:59.654+0530][gc,heap       ] GC(4) Eden regions: 37->0(44)
[2025-09-19T00:24:59.654+0530][gc,heap       ] GC(4) Survivor regions: 4->7(7)
[2025-09-19T00:24:59.654+0530][gc,heap       ] GC(4) Old regions: 10->10
[2025-09-19T00:24:59.654+0530][gc,heap       ] GC(4) Humongous regions: 129->129
[2025-09-19T00:24:59.655+0530][gc,metaspace  ] GC(4) Metaspace: 34429K(35840K)->34429K(35840K) NonClass: 30505K(31232K)->30505K(31232K) Class: 3924K(4608K)->3924K(4608K)
[2025-09-19T00:24:59.655+0530][gc            ] GC(4) Pause Young (Concurrent Start) (Metadata GC Threshold) 177M->144M(1024M) 11.904ms
[2025-09-19T00:24:59.655+0530][gc,cpu        ] GC(4) User=0.06s Sys=0.00s Real=0.01s
[2025-09-19T00:24:59.655+0530][gc            ] GC(5) Concurrent Cycle
[2025-09-19T00:24:59.655+0530][gc,marking    ] GC(5) Concurrent Clear Claimed Marks
[2025-09-19T00:24:59.656+0530][gc,marking    ] GC(5) Concurrent Clear Claimed Marks 0.290ms
[2025-09-19T00:24:59.656+0530][gc,marking    ] GC(5) Concurrent Scan Root Regions
[2025-09-19T00:24:59.659+0530][gc,marking    ] GC(5) Concurrent Scan Root Regions 3.479ms
[2025-09-19T00:24:59.660+0530][gc,marking    ] GC(5) Concurrent Mark (3.802s)
[2025-09-19T00:24:59.660+0530][gc,marking    ] GC(5) Concurrent Mark From Roots
[2025-09-19T00:24:59.660+0530][gc,task       ] GC(5) Using 2 workers of 2 for marking
[2025-09-19T00:24:59.666+0530][gc,marking    ] GC(5) Concurrent Mark From Roots 5.764ms
[2025-09-19T00:24:59.666+0530][gc,marking    ] GC(5) Concurrent Preclean
[2025-09-19T00:24:59.666+0530][gc,marking    ] GC(5) Concurrent Preclean 0.408ms
[2025-09-19T00:24:59.667+0530][gc,marking    ] GC(5) Concurrent Mark (3.802s, 3.809s) 6.917ms
[2025-09-19T00:24:59.668+0530][gc,start      ] GC(5) Pause Remark
[2025-09-19T00:24:59.671+0530][gc,stringtable] GC(5) Cleaned string and symbol table, strings: 11759 processed, 10 removed, symbols: 86997 processed, 15 removed
[2025-09-19T00:24:59.672+0530][gc            ] GC(5) Pause Remark 145M->145M(1024M) 3.869ms
[2025-09-19T00:24:59.672+0530][gc,cpu        ] GC(5) User=0.02s Sys=0.01s Real=0.01s
[2025-09-19T00:24:59.673+0530][gc,marking    ] GC(5) Concurrent Rebuild Remembered Sets
[2025-09-19T00:24:59.676+0530][gc,marking    ] GC(5) Concurrent Rebuild Remembered Sets 3.473ms
[2025-09-19T00:24:59.677+0530][gc,start      ] GC(5) Pause Cleanup
[2025-09-19T00:24:59.677+0530][gc            ] GC(5) Pause Cleanup 145M->145M(1024M) 0.463ms
[2025-09-19T00:24:59.677+0530][gc,cpu        ] GC(5) User=0.01s Sys=0.00s Real=0.01s
[2025-09-19T00:24:59.678+0530][gc,marking    ] GC(5) Concurrent Cleanup for Next Mark
[2025-09-19T00:24:59.687+0530][gc,marking    ] GC(5) Concurrent Cleanup for Next Mark 8.924ms
[2025-09-19T00:24:59.687+0530][gc            ] GC(5) Concurrent Cycle 31.816ms
[2025-09-19T00:28:01.270+0530][gc,start      ] GC(6) Pause Young (Normal) (G1 Evacuation Pause)
[2025-09-19T00:28:01.271+0530][gc,task       ] GC(6) Using 8 workers of 8 for evacuation
[2025-09-19T00:28:01.289+0530][gc,phases     ] GC(6)   Pre Evacuate Collection Set: 4.5ms
[2025-09-19T00:28:01.290+0530][gc,phases     ] GC(6)   Evacuate Collection Set: 12.0ms
[2025-09-19T00:28:01.290+0530][gc,phases     ] GC(6)   Post Evacuate Collection Set: 1.5ms
[2025-09-19T00:28:01.290+0530][gc,phases     ] GC(6)   Other: 1.4ms
[2025-09-19T00:28:01.290+0530][gc,heap       ] GC(6) Eden regions: 44->0(48)
[2025-09-19T00:28:01.291+0530][gc,heap       ] GC(6) Survivor regions: 7->3(7)
[2025-09-19T00:28:01.291+0530][gc,heap       ] GC(6) Old regions: 10->17
[2025-09-19T00:28:01.291+0530][gc,heap       ] GC(6) Humongous regions: 129->129
[2025-09-19T00:28:01.291+0530][gc,metaspace  ] GC(6) Metaspace: 41639K(43648K)->41639K(43648K) NonClass: 36581K(37632K)->36581K(37632K) Class: 5057K(6016K)->5057K(6016K)
[2025-09-19T00:28:01.291+0530][gc            ] GC(6) Pause Young (Normal) (G1 Evacuation Pause) 188M->146M(1024M) 21.316ms
[2025-09-19T00:28:01.291+0530][gc,cpu        ] GC(6) User=0.09s Sys=0.01s Real=0.02s
