[2025-09-19T00:16:04.468+0530][gc,heap] Heap region size: 1M
[2025-09-19T00:16:04.473+0530][gc     ] Using G1
[2025-09-19T00:16:04.473+0530][gc,heap,coops] Heap address: 0x00000000e0000000, size: 512 MB, Compressed Oops mode: 32-bit
[2025-09-19T00:16:04.474+0530][gc,cds       ] Mark closed archive regions in map: [0x00000000fff00000, 0x00000000fff6bff8]
[2025-09-19T00:16:04.474+0530][gc,cds       ] Mark open archive regions in map: [0x00000000ffe00000, 0x00000000ffe47ff8]
[2025-09-19T00:16:05.625+0530][gc,start     ] GC(0) Pause Young (Normal) (G1 Evacuation Pause)
[2025-09-19T00:16:05.626+0530][gc,task      ] GC(0) Using 8 workers of 8 for evacuation
[2025-09-19T00:16:05.635+0530][gc,phases    ] GC(0)   Pre Evacuate Collection Set: 0.0ms
[2025-09-19T00:16:05.635+0530][gc,phases    ] GC(0)   Evacuate Collection Set: 7.2ms
[2025-09-19T00:16:05.636+0530][gc,phases    ] GC(0)   Post Evacuate Collection Set: 0.8ms
[2025-09-19T00:16:05.636+0530][gc,phases    ] GC(0)   Other: 1.9ms
[2025-09-19T00:16:05.636+0530][gc,heap      ] GC(0) Eden regions: 25->0(21)
[2025-09-19T00:16:05.636+0530][gc,heap      ] GC(0) Survivor regions: 0->4(4)
[2025-09-19T00:16:05.636+0530][gc,heap      ] GC(0) Old regions: 2->6
[2025-09-19T00:16:05.637+0530][gc,heap      ] GC(0) Humongous regions: 0->0
[2025-09-19T00:16:05.637+0530][gc,metaspace ] GC(0) Metaspace: 6879K(7296K)->6879K(7296K) NonClass: 6109K(6400K)->6109K(6400K) Class: 770K(896K)->770K(896K)
[2025-09-19T00:16:05.637+0530][gc           ] GC(0) Pause Young (Normal) (G1 Evacuation Pause) 25M->8M(512M) 12.479ms
[2025-09-19T00:16:05.638+0530][gc,cpu       ] GC(0) User=0.04s Sys=0.02s Real=0.02s
[2025-09-19T00:16:05.684+0530][gc,heap,exit ] Heap
[2025-09-19T00:16:05.684+0530][gc,heap,exit ]  garbage-first heap   total 524288K, used 9692K [0x00000000e0000000, 0x0000000100000000)
[2025-09-19T00:16:05.684+0530][gc,heap,exit ]   region size 1024K, 6 young (6144K), 4 survivors (4096K)
[2025-09-19T00:16:05.684+0530][gc,heap,exit ]  Metaspace       used 7376K, capacity 7703K, committed 7936K, reserved 1056768K
[2025-09-19T00:16:05.684+0530][gc,heap,exit ]   class space    used 827K, capacity 958K, committed 1024K, reserved 1048576K
