[2025-09-19T00:22:18.348+0530][gc,heap] Heap region size: 1M
[2025-09-19T00:22:18.353+0530][gc     ] Using G1
[2025-09-19T00:22:18.353+0530][gc,heap,coops] Heap address: 0x00000000e0000000, size: 512 MB, Compressed Oops mode: 32-bit
[2025-09-19T00:22:18.353+0530][gc,cds       ] Mark closed archive regions in map: [0x00000000fff00000, 0x00000000fff6bff8]
[2025-09-19T00:22:18.353+0530][gc,cds       ] Mark open archive regions in map: [0x00000000ffe00000, 0x00000000ffe47ff8]
[2025-09-19T00:22:19.791+0530][gc,start     ] GC(0) Pause Young (Normal) (G1 Evacuation Pause)
[2025-09-19T00:22:19.792+0530][gc,task      ] GC(0) Using 8 workers of 8 for evacuation
[2025-09-19T00:22:19.799+0530][gc,phases    ] GC(0)   Pre Evacuate Collection Set: 0.0ms
[2025-09-19T00:22:19.799+0530][gc,phases    ] GC(0)   Evacuate Collection Set: 6.2ms
[2025-09-19T00:22:19.799+0530][gc,phases    ] GC(0)   Post Evacuate Collection Set: 0.6ms
[2025-09-19T00:22:19.800+0530][gc,phases    ] GC(0)   Other: 1.5ms
[2025-09-19T00:22:19.800+0530][gc,heap      ] GC(0) Eden regions: 25->0(21)
[2025-09-19T00:22:19.800+0530][gc,heap      ] GC(0) Survivor regions: 0->4(4)
[2025-09-19T00:22:19.800+0530][gc,heap      ] GC(0) Old regions: 2->6
[2025-09-19T00:22:19.800+0530][gc,heap      ] GC(0) Humongous regions: 0->0
[2025-09-19T00:22:19.800+0530][gc,metaspace ] GC(0) Metaspace: 6863K(7296K)->6863K(7296K) NonClass: 6092K(6400K)->6092K(6400K) Class: 770K(896K)->770K(896K)
[2025-09-19T00:22:19.800+0530][gc           ] GC(0) Pause Young (Normal) (G1 Evacuation Pause) 25M->8M(512M) 9.912ms
[2025-09-19T00:22:19.801+0530][gc,cpu       ] GC(0) User=0.04s Sys=0.00s Real=0.01s
